2025-05-29 15:29:09,696 | INFO | Base de datos y migraciones listas.
2025-05-29 15:29:09,703 | INFO | CORS aplicado correctamente.
2025-05-29 15:29:09,707 | INFO | Blueprint auth_bp registrado.
2025-05-29 15:29:09,711 | ERROR | Error registrando chat_bp: cannot import name 'get_cohere_response' from 'services.cohere_ai' (C:\Users\Marcelo\Desktop\chatbot-backend\services\cohere_ai.py)
Traceback (most recent call last):
  File "C:\Users\Marcelo\Desktop\chatbot-backend\app.py", line 79, in create_app
    bp_module = __import__(bp_import, fromlist=[name])
                ^^^^^^^^^^^^^^^^^^^^^^^^^^^^^^^^^^^^^^
  File "C:\Users\Marcelo\Desktop\chatbot-backend\routes\chat.py", line 3, in <module>
    from services.logic import responder_chatboc
  File "C:\Users\Marcelo\Desktop\chatbot-backend\services\logic.py", line 6, in <module>
    from services.cohere_ai import get_cohere_response
ImportError: cannot import name 'get_cohere_response' from 'services.cohere_ai' (C:\Users\Marcelo\Desktop\chatbot-backend\services\cohere_ai.py)

2025-05-29 15:29:09,713 | INFO | Blueprint sugerencia_bp registrado.
2025-05-29 15:29:09,714 | INFO | Blueprint rubros_bp registrado.
2025-05-29 15:29:09,716 | INFO | Blueprint metricas_bp registrado.
2025-05-29 15:29:09,716 | INFO | Blueprint upload_bp registrado.
2025-05-29 15:29:55,520 | INFO | Base de datos y migraciones listas.
2025-05-29 15:29:55,520 | INFO | CORS aplicado correctamente.
2025-05-29 15:29:55,525 | INFO | Blueprint auth_bp registrado.
2025-05-29 15:29:55,529 | ERROR | Error registrando chat_bp: cannot import name 'get_cohere_response' from 'services.cohere_ai' (C:\Users\Marcelo\Desktop\chatbot-backend\services\cohere_ai.py)
Traceback (most recent call last):
  File "C:\Users\Marcelo\Desktop\chatbot-backend\app.py", line 79, in create_app
    bp_module = __import__(bp_import, fromlist=[name])
                ^^^^^^^^^^^^^^^^^^^^^^^^^^^^^^^^^^^^^^
  File "C:\Users\Marcelo\Desktop\chatbot-backend\routes\chat.py", line 3, in <module>
    from services.logic import responder_chatboc
  File "C:\Users\Marcelo\Desktop\chatbot-backend\services\logic.py", line 6, in <module>
    from services.cohere_ai import get_cohere_response
ImportError: cannot import name 'get_cohere_response' from 'services.cohere_ai' (C:\Users\Marcelo\Desktop\chatbot-backend\services\cohere_ai.py)

2025-05-29 15:29:55,530 | INFO | Blueprint sugerencia_bp registrado.
2025-05-29 15:29:55,532 | INFO | Blueprint rubros_bp registrado.
2025-05-29 15:29:55,533 | INFO | Blueprint metricas_bp registrado.
2025-05-29 15:29:55,534 | INFO | Blueprint upload_bp registrado.
